// Jest Snapshot v1, https://goo.gl/fbAQLP

exports[`renders table controls correctly 1`] = `
.c0 {
  display: -webkit-box;
  display: -webkit-flex;
  display: -ms-flexbox;
  display: flex;
  -webkit-box-pack: end;
  -webkit-justify-content: flex-end;
  -ms-flex-pack: end;
  justify-content: flex-end;
  -webkit-align-items: center;
  -webkit-box-align: center;
  -ms-flex-align: center;
  align-items: center;
  position: relative;
  min-width: 800px;
}

.c2 {
  display: block;
  font-family: proxima-nova,Proxima Nova,Helvetica Neue,Helvetica,Arial,sans-serif;
  font-size: 14px;
  color: #323335;
  font-weight: 300;
}

.c2:first-of-type {
  width: 110px;
}

.c2:last-of-type {
  width: 70px;
}

.c3 {
  width: 200px;
}

.c4 {
  -webkit-appearance: none;
  -moz-appearance: none;
  appearance: none;
  outline: none;
  -webkit-appearance: textfield;
  width: 90%;
  max-height: 28px;
  height: 28px;
  padding: 0 7px 0 7px;
  background: none;
  border: 1px solid #777777;
  border-radius: 3px;
  font-family: proxima-nova,Proxima Nova,Helvetica Neue,Helvetica,Arial,sans-serif;
  font-weight: 300;
  color: #777777;
  font-size: 13px;
  line-height: 28px;
}

.c4[type='search'] {
  border-color: #c5c5c5;
}

.c4::-webkit-search-decoration {
  -webkit-appearance: none;
}

.c4::-webkit-search-cancel-button {
  -webkit-appearance: none;
  width: 11px;
  height: 11px;
  background: url(test-file-stub) no-repeat center;
  background-size: contain;
}

.c4::-webkit-input-placeholder {
  text-align: left;
  font-style: italic;
}

.c4::-moz-placeholder {
  text-align: left;
  font-style: italic;
}

.c4:-ms-input-placeholder {
  text-align: left;
  font-style: italic;
}

.c4::placeholder {
  text-align: left;
  font-style: italic;
}

.c4::-webkit-input-placeholder {
  text-align: left;
  font-style: italic;
  width: 100%;
}

.c4:focus {
  border: 1px solid #006cff;
}

.c7:focus {
  outline: 0;
}

.c7 > svg {
  width: 13px;
  height: 100%;
  fill: #777777;
  -webkit-transform: rotate(90deg);
  -ms-transform: rotate(90deg);
  transform: rotate(90deg);
  cursor: pointer;
}

.c8:focus {
  outline: 0;
}

.c8 > svg {
  width: 13px;
  height: 100%;
  fill: #444;
  -webkit-transform: rotate(270deg);
  -ms-transform: rotate(270deg);
  transform: rotate(270deg);
  cursor: pointer;
}

.c8 > svg:hover {
  fill: #006cff;
}

.c6 {
  -webkit-appearance: none;
  -moz-appearance: none;
  appearance: none;
  background: none;
  border: none;
  outline: none;
  padding: 0;
}

.c6:focus > span > svg {
  fill: #006cff;
}

.c5 {
  display: -webkit-box;
  display: -webkit-flex;
  display: -ms-flexbox;
  display: flex;
  -webkit-align-items: center;
  -webkit-box-align: center;
  -ms-flex-align: center;
  align-items: center;
}

.c1 {
  margin-right: 10px;
  position: relative;
  outline: none;
  border: none;
  background: none;
  font-family: proxima-nova,Proxima Nova,Helvetica Neue,Helvetica,Arial,sans-serif;
  font-size: 14px;
  color: #777777;
  font-weight: 300;
  cursor: pointer;
}

.c1:hover {
  -webkit-text-decoration: underline;
  text-decoration: underline;
  -webkit-transition: all ease-in 0.2s;
  transition: all ease-in 0.2s;
}

.c1:focus {
  color: #006cff;
}

<TableControls
  filterSearch={[Function]}
  moveTable={[Function]}
  scrollerInactive="left"
  updateData={[Function]}
>
  <styled.div>
    <div
      className="c0"
    >
      <StatsLink
        label="Show usage stats >>"
        tab={0}
      >
        <styled.button
          tabIndex={0}
        >
          <button
            className="c1"
            tabIndex={0}
          >
            Show usage stats &gt;&gt;
          </button>
        </styled.button>
      </StatsLink>
      <styled.span>
        <span
          className="c2"
        >
          Filter categories:
        </span>
      </styled.span>
      <styled.div>
        <div
          className="c3"
        >
          <Input
            action={[Function]}
            autoComplete="off"
            color="light"
            controlled={false}
            id=""
            name="search"
            placeholder="Type to filter..."
            tab={1}
            type="search"
          >
            <styled.input
              autoComplete="off"
              color="light"
              id=""
              name="search"
              onChange={[Function]}
              placeholder="Type to filter..."
              tabIndex={1}
              type="search"
            >
              <input
                autoComplete="off"
                className="c4"
                color="light"
                id=""
                name="search"
                onChange={[Function]}
                placeholder="Type to filter..."
                tabIndex={1}
                type="search"
              />
            </styled.input>
          </Input>
        </div>
      </styled.div>
      <styled.span>
        <span
          className="c2"
        >
          See More:
        </span>
      </styled.span>
      <ArrowButtonGroup
        action={[Function]}
        scrollerInactive="left"
      >
        <styled.div>
          <div
            className="c5"
          >
            <ArrowButton
              action={[Function]}
              direction="left"
              scrollerInactive="left"
            >
              <styled.button
                direction="left"
                onClick={[Function]}
                tabIndex={1}
                title="Move Table to the left"
              >
                <button
                  className="c6"
                  direction="left"
                  onClick={[Function]}
                  tabIndex={1}
                  title="Move Table to the left"
                >
                  <Icon
                    active={false}
                    color="#444"
                    i="test-file-stub"
                    in="blue"
                    rotate={90}
                    size="s"
                  >
                    <Styled(SVGInline)
                      color="#444"
                      data-active={false}
                      in="blue"
                      rotate={90}
                      size="s"
                      svg="test-file-stub"
                    >
                      <SVGInline
                        className="c7"
                        classSuffix="-svg"
                        cleanup={Array []}
                        cleanupExceptions={Array []}
                        color="#444"
                        component="span"
                        data-active={false}
                        in="blue"
                        rotate={90}
                        size="s"
                        svg="test-file-stub"
                      >
                        <span
                          className="SVGInline c7"
                          color="#444"
                          dangerouslySetInnerHTML={
                            Object {
                              "__html": "test-file-stub",
                            }
                          }
                          data-active={false}
                          in="blue"
                          rotate={90}
                          size="s"
                        />
                      </SVGInline>
                    </Styled(SVGInline)>
                  </Icon>
                </button>
              </styled.button>
            </ArrowButton>
            <ArrowButton
              action={[Function]}
              direction="right"
              scrollerInactive="left"
            >
              <styled.button
                direction="right"
                onClick={[Function]}
                tabIndex={1}
                title="Move Table to the right"
              >
                <button
                  className="c6"
                  direction="right"
                  onClick={[Function]}
                  tabIndex={1}
                  title="Move Table to the right"
                >
                  <Icon
                    active={true}
                    color="#444"
                    i="test-file-stub"
                    in="blue"
                    rotate={270}
                    size="s"
                  >
                    <Styled(SVGInline)
                      color="#444"
                      data-active={true}
                      in="blue"
                      rotate={270}
                      size="s"
                      svg="test-file-stub"
                    >
                      <SVGInline
                        className="c8"
                        classSuffix="-svg"
                        cleanup={Array []}
                        cleanupExceptions={Array []}
                        color="#444"
                        component="span"
                        data-active={true}
                        in="blue"
                        rotate={270}
                        size="s"
                        svg="test-file-stub"
                      >
                        <span
                          className="SVGInline c8"
                          color="#444"
                          dangerouslySetInnerHTML={
                            Object {
                              "__html": "test-file-stub",
                            }
                          }
                          data-active={true}
                          in="blue"
                          rotate={270}
                          size="s"
                        />
                      </SVGInline>
                    </Styled(SVGInline)>
                  </Icon>
                </button>
              </styled.button>
            </ArrowButton>
          </div>
        </styled.div>
      </ArrowButtonGroup>
    </div>
  </styled.div>
</TableControls>
`;
